3179a65eff2523bbde53c99b299b719c10a35235,correct
ab3ccc8dba2a0cf7a1ce4d830bb8a6238ff03833,people
71b21161ffa1e6516bcc072aaf5ef38cbe85b511,company
204036a1ef6e7360e536300ea78c6aeb4a9333dd,student
c33f059b0ca7725fbfd6c9ea4f2f012cc7ac5a74,family
79df4b1718127a8c81390d4196d6cbfc976105f0,eye
714eea0f4c980736bde0065fe73f573487f08e3a,time
317f1e761f2faa8da781a4762b9dcc2c5cad209a,system
a2620cbc10f5198dd03e3f5a1569eb5dcf9a6a87,day
6a577a7743f405ea6a07e7222fdf7832a4c8e0e2,business
1785a93e5a968f37278f64cef35098943f62b438,government
d01593a7b3919244b959c893a0db44f8d82f92b7,story
9621a244a447ec749598f8327560ff86095e2c26,hand
863cc374e6dc98095eb06aa4025895b4a28df6c1,thing
0e93069c40111cd62dac2cd02cd71daffdb01cc0,child
1be2a44cb53dde903be8466c08dee9067da8ede3,night
9da8f1fa7d3a9fd015ae3c831a765e25ae03e4d7,place
00819c0e54f9c4fe002aa0570e66e25e695d9513,issue
699e8ae92ca31d0753b1eacb9fbc3f555d78fbd6,area
3b2be2e26344d52bf592711b6d4b6060825e146d,question
3fc88b83767af036ec64f408a5c22693db6e3b76,part
edb1f42a0bd4ff4bc5588155bc58f6164042190c,woman
27a5a05c01ee6e7b614f4055d6908eaee91d9c95,room
58dbfe3d658060e6133943c5784e7700b07ebf87,fact
e274eeff768c6396088ec6eb091f4bf4d47ab1e0,work
c95259de1fd719814daef8f1dc4bd64f9d885ff0,money
2eda8ad1632af052b0c74d6fcab6058b3a79cf25,job
091b5035885c00170fec9ecf24224933e3de3fcc,horse
3f3c58ae42b9b422897ffc175014a2a4fcf16d7b,battery
71a7ca855f38bc559d0fce6727c7e2d8ada99ff8,point
e83249bd3ba79932e16fb1fb5100dafade9954c2,home
c0ee32d825d6ddb4025ab74af0609969ecc419c8,week
021710fa7866431c1dacaa6cd31eeeb47dce64b6,month
53b0a1b2fadf4e040cdc2155a7340de24aca93cb,number
e7e694c58cd50e0324ec96918800bc35cd17629b,book
6406510c31e0c9925733c7f21414bf6428333ed2,case
a5a0d15d4ae8ea37884d2fb9d8a30fbfc96731f3,problem
aa4a5f8125f234182e2dea92805afdfb747a86be,state
bde4fcfe6cc9fbf17e4812357cf570f80ae4718b,staple
655f83be7512e5b5b3ba4c9976c043ece4b3ce51,school
5116e40694ac48f654cb7b6816177e0e717237c6,mother
8e68b3e5af636475363c23b52ade8e6064b05806,country
7c211433f02071597741e6ff5a8ea34789abbf43,world
6d5a45920a15adea049c8f22d569ff209625a43b,water
885534c19d5f8389b4cc0a7fcd699206bacdbd86,study
2b5d05d3594b83ba20afb78c9c8ab624078eea62,life
d27a1f11771200949714b1af99f048a416f5d6f4,right
81d9aeea0e1a408d65b6660a176c5de83dc98e7b,program
64292b1c2b2e13ead8788fc8a2b8edc8c1db4ecd,group
4ff0b1538469338a0073e2cdaab6a517801b6ab4,year
6d5a45920a15adea049c8f22d569ff209625a43b,water
885534c19d5f8389b4cc0a7fcd699206bacdbd86,study
9da8f1fa7d3a9fd015ae3c831a765e25ae03e4d7,place
714eea0f4c980736bde0065fe73f573487f08e3a,time
1be2a44cb53dde903be8466c08dee9067da8ede3,night
6406510c31e0c9925733c7f21414bf6428333ed2,case
bde4fcfe6cc9fbf17e4812357cf570f80ae4718b,staple
9621a244a447ec749598f8327560ff86095e2c26,hand
8e68b3e5af636475363c23b52ade8e6064b05806,country
863cc374e6dc98095eb06aa4025895b4a28df6c1,thing
c33f059b0ca7725fbfd6c9ea4f2f012cc7ac5a74,family
e83249bd3ba79932e16fb1fb5100dafade9954c2,home
6a577a7743f405ea6a07e7222fdf7832a4c8e0e2,business
4ff0b1538469338a0073e2cdaab6a517801b6ab4,year
71a7ca855f38bc559d0fce6727c7e2d8ada99ff8,point
204036a1ef6e7360e536300ea78c6aeb4a9333dd,student
3b2be2e26344d52bf592711b6d4b6060825e146d,question
64292b1c2b2e13ead8788fc8a2b8edc8c1db4ecd,group
317f1e761f2faa8da781a4762b9dcc2c5cad209a,system
53b0a1b2fadf4e040cdc2155a7340de24aca93cb,number
79df4b1718127a8c81390d4196d6cbfc976105f0,eye
699e8ae92ca31d0753b1eacb9fbc3f555d78fbd6,area
3fc88b83767af036ec64f408a5c22693db6e3b76,part
0e93069c40111cd62dac2cd02cd71daffdb01cc0,child
c0ee32d825d6ddb4025ab74af0609969ecc419c8,week
aa4a5f8125f234182e2dea92805afdfb747a86be,state
27a5a05c01ee6e7b614f4055d6908eaee91d9c95,room
edb1f42a0bd4ff4bc5588155bc58f6164042190c,woman
81d9aeea0e1a408d65b6660a176c5de83dc98e7b,program
3179a65eff2523bbde53c99b299b719c10a35235,correct
091b5035885c00170fec9ecf24224933e3de3fcc,horse
71b21161ffa1e6516bcc072aaf5ef38cbe85b511,company
a5a0d15d4ae8ea37884d2fb9d8a30fbfc96731f3,problem
021710fa7866431c1dacaa6cd31eeeb47dce64b6,month
655f83be7512e5b5b3ba4c9976c043ece4b3ce51,school
c95259de1fd719814daef8f1dc4bd64f9d885ff0,money
d27a1f11771200949714b1af99f048a416f5d6f4,right
1785a93e5a968f37278f64cef35098943f62b438,government
5116e40694ac48f654cb7b6816177e0e717237c6,mother
a2620cbc10f5198dd03e3f5a1569eb5dcf9a6a87,day
e274eeff768c6396088ec6eb091f4bf4d47ab1e0,work
3f3c58ae42b9b422897ffc175014a2a4fcf16d7b,battery
7c211433f02071597741e6ff5a8ea34789abbf43,world
d01593a7b3919244b959c893a0db44f8d82f92b7,story
58dbfe3d658060e6133943c5784e7700b07ebf87,fact
2eda8ad1632af052b0c74d6fcab6058b3a79cf25,job
e7e694c58cd50e0324ec96918800bc35cd17629b,book
ab3ccc8dba2a0cf7a1ce4d830bb8a6238ff03833,people
2b5d05d3594b83ba20afb78c9c8ab624078eea62,life
00819c0e54f9c4fe002aa0570e66e25e695d9513,issue
edb1f42a0bd4ff4bc5588155bc58f6164042190c,woman
71a7ca855f38bc559d0fce6727c7e2d8ada99ff8,point
2eda8ad1632af052b0c74d6fcab6058b3a79cf25,job
1785a93e5a968f37278f64cef35098943f62b438,government
8e68b3e5af636475363c23b52ade8e6064b05806,country
53b0a1b2fadf4e040cdc2155a7340de24aca93cb,number
81d9aeea0e1a408d65b6660a176c5de83dc98e7b,program
d27a1f11771200949714b1af99f048a416f5d6f4,right
5116e40694ac48f654cb7b6816177e0e717237c6,mother
64292b1c2b2e13ead8788fc8a2b8edc8c1db4ecd,group
091b5035885c00170fec9ecf24224933e3de3fcc,horse
e7e694c58cd50e0324ec96918800bc35cd17629b,book
204036a1ef6e7360e536300ea78c6aeb4a9333dd,student
655f83be7512e5b5b3ba4c9976c043ece4b3ce51,school
4ff0b1538469338a0073e2cdaab6a517801b6ab4,year
9da8f1fa7d3a9fd015ae3c831a765e25ae03e4d7,place
885534c19d5f8389b4cc0a7fcd699206bacdbd86,study
021710fa7866431c1dacaa6cd31eeeb47dce64b6,month
7c211433f02071597741e6ff5a8ea34789abbf43,world
a2620cbc10f5198dd03e3f5a1569eb5dcf9a6a87,day
0e93069c40111cd62dac2cd02cd71daffdb01cc0,child
3f3c58ae42b9b422897ffc175014a2a4fcf16d7b,battery
9621a244a447ec749598f8327560ff86095e2c26,hand
58dbfe3d658060e6133943c5784e7700b07ebf87,fact
bde4fcfe6cc9fbf17e4812357cf570f80ae4718b,staple
317f1e761f2faa8da781a4762b9dcc2c5cad209a,system
6d5a45920a15adea049c8f22d569ff209625a43b,water
c0ee32d825d6ddb4025ab74af0609969ecc419c8,week
79df4b1718127a8c81390d4196d6cbfc976105f0,eye
00819c0e54f9c4fe002aa0570e66e25e695d9513,issue
6a577a7743f405ea6a07e7222fdf7832a4c8e0e2,business
71b21161ffa1e6516bcc072aaf5ef38cbe85b511,company
3b2be2e26344d52bf592711b6d4b6060825e146d,question
3179a65eff2523bbde53c99b299b719c10a35235,correct
aa4a5f8125f234182e2dea92805afdfb747a86be,state
714eea0f4c980736bde0065fe73f573487f08e3a,time
3fc88b83767af036ec64f408a5c22693db6e3b76,part
699e8ae92ca31d0753b1eacb9fbc3f555d78fbd6,area
1be2a44cb53dde903be8466c08dee9067da8ede3,night
a5a0d15d4ae8ea37884d2fb9d8a30fbfc96731f3,problem
ab3ccc8dba2a0cf7a1ce4d830bb8a6238ff03833,people
d01593a7b3919244b959c893a0db44f8d82f92b7,story
27a5a05c01ee6e7b614f4055d6908eaee91d9c95,room
6406510c31e0c9925733c7f21414bf6428333ed2,case
e274eeff768c6396088ec6eb091f4bf4d47ab1e0,work
e83249bd3ba79932e16fb1fb5100dafade9954c2,home
c95259de1fd719814daef8f1dc4bd64f9d885ff0,money
c33f059b0ca7725fbfd6c9ea4f2f012cc7ac5a74,family
863cc374e6dc98095eb06aa4025895b4a28df6c1,thing
2b5d05d3594b83ba20afb78c9c8ab624078eea62,life
edb1f42a0bd4ff4bc5588155bc58f6164042190c,woman
71a7ca855f38bc559d0fce6727c7e2d8ada99ff8,point
2eda8ad1632af052b0c74d6fcab6058b3a79cf25,job
1785a93e5a968f37278f64cef35098943f62b438,government
8e68b3e5af636475363c23b52ade8e6064b05806,country
53b0a1b2fadf4e040cdc2155a7340de24aca93cb,number
81d9aeea0e1a408d65b6660a176c5de83dc98e7b,program
d27a1f11771200949714b1af99f048a416f5d6f4,right
5116e40694ac48f654cb7b6816177e0e717237c6,mother
64292b1c2b2e13ead8788fc8a2b8edc8c1db4ecd,group
091b5035885c00170fec9ecf24224933e3de3fcc,horse
e7e694c58cd50e0324ec96918800bc35cd17629b,book
204036a1ef6e7360e536300ea78c6aeb4a9333dd,student
655f83be7512e5b5b3ba4c9976c043ece4b3ce51,school
4ff0b1538469338a0073e2cdaab6a517801b6ab4,year
9da8f1fa7d3a9fd015ae3c831a765e25ae03e4d7,place
885534c19d5f8389b4cc0a7fcd699206bacdbd86,study
021710fa7866431c1dacaa6cd31eeeb47dce64b6,month
7c211433f02071597741e6ff5a8ea34789abbf43,world
a2620cbc10f5198dd03e3f5a1569eb5dcf9a6a87,day
0e93069c40111cd62dac2cd02cd71daffdb01cc0,child
3f3c58ae42b9b422897ffc175014a2a4fcf16d7b,battery
9621a244a447ec749598f8327560ff86095e2c26,hand
58dbfe3d658060e6133943c5784e7700b07ebf87,fact
bde4fcfe6cc9fbf17e4812357cf570f80ae4718b,staple
317f1e761f2faa8da781a4762b9dcc2c5cad209a,system
6d5a45920a15adea049c8f22d569ff209625a43b,water
c0ee32d825d6ddb4025ab74af0609969ecc419c8,week
79df4b1718127a8c81390d4196d6cbfc976105f0,eye
00819c0e54f9c4fe002aa0570e66e25e695d9513,issue
6a577a7743f405ea6a07e7222fdf7832a4c8e0e2,business
71b21161ffa1e6516bcc072aaf5ef38cbe85b511,company
3b2be2e26344d52bf592711b6d4b6060825e146d,question
3179a65eff2523bbde53c99b299b719c10a35235,correct
aa4a5f8125f234182e2dea92805afdfb747a86be,state
714eea0f4c980736bde0065fe73f573487f08e3a,time
3fc88b83767af036ec64f408a5c22693db6e3b76,part
699e8ae92ca31d0753b1eacb9fbc3f555d78fbd6,area
1be2a44cb53dde903be8466c08dee9067da8ede3,night
a5a0d15d4ae8ea37884d2fb9d8a30fbfc96731f3,problem
ab3ccc8dba2a0cf7a1ce4d830bb8a6238ff03833,people
d01593a7b3919244b959c893a0db44f8d82f92b7,story
27a5a05c01ee6e7b614f4055d6908eaee91d9c95,room
6406510c31e0c9925733c7f21414bf6428333ed2,case
e274eeff768c6396088ec6eb091f4bf4d47ab1e0,work
e83249bd3ba79932e16fb1fb5100dafade9954c2,home
c95259de1fd719814daef8f1dc4bd64f9d885ff0,money
c33f059b0ca7725fbfd6c9ea4f2f012cc7ac5a74,family
863cc374e6dc98095eb06aa4025895b4a28df6c1,thing
2b5d05d3594b83ba20afb78c9c8ab624078eea62,life
317f1e761f2faa8da781a4762b9dcc2c5cad209a,system
71b21161ffa1e6516bcc072aaf5ef38cbe85b511,company
ab3ccc8dba2a0cf7a1ce4d830bb8a6238ff03833,people
c0ee32d825d6ddb4025ab74af0609969ecc419c8,week
71a7ca855f38bc559d0fce6727c7e2d8ada99ff8,point
6406510c31e0c9925733c7f21414bf6428333ed2,case
9621a244a447ec749598f8327560ff86095e2c26,hand
c95259de1fd719814daef8f1dc4bd64f9d885ff0,money
e274eeff768c6396088ec6eb091f4bf4d47ab1e0,work
e83249bd3ba79932e16fb1fb5100dafade9954c2,home
3f3c58ae42b9b422897ffc175014a2a4fcf16d7b,battery
204036a1ef6e7360e536300ea78c6aeb4a9333dd,student
8e68b3e5af636475363c23b52ade8e6064b05806,country
64292b1c2b2e13ead8788fc8a2b8edc8c1db4ecd,group
e7e694c58cd50e0324ec96918800bc35cd17629b,book
3b2be2e26344d52bf592711b6d4b6060825e146d,question
edb1f42a0bd4ff4bc5588155bc58f6164042190c,woman
a5a0d15d4ae8ea37884d2fb9d8a30fbfc96731f3,problem
4ff0b1538469338a0073e2cdaab6a517801b6ab4,year
1be2a44cb53dde903be8466c08dee9067da8ede3,night
27a5a05c01ee6e7b614f4055d6908eaee91d9c95,room
d27a1f11771200949714b1af99f048a416f5d6f4,right
6a577a7743f405ea6a07e7222fdf7832a4c8e0e2,business
5116e40694ac48f654cb7b6816177e0e717237c6,mother
3fc88b83767af036ec64f408a5c22693db6e3b76,part
bde4fcfe6cc9fbf17e4812357cf570f80ae4718b,staple
021710fa7866431c1dacaa6cd31eeeb47dce64b6,month
53b0a1b2fadf4e040cdc2155a7340de24aca93cb,number
7c211433f02071597741e6ff5a8ea34789abbf43,world
091b5035885c00170fec9ecf24224933e3de3fcc,horse
79df4b1718127a8c81390d4196d6cbfc976105f0,eye
9da8f1fa7d3a9fd015ae3c831a765e25ae03e4d7,place
a2620cbc10f5198dd03e3f5a1569eb5dcf9a6a87,day
c33f059b0ca7725fbfd6c9ea4f2f012cc7ac5a74,family
58dbfe3d658060e6133943c5784e7700b07ebf87,fact
655f83be7512e5b5b3ba4c9976c043ece4b3ce51,school
2eda8ad1632af052b0c74d6fcab6058b3a79cf25,job
81d9aeea0e1a408d65b6660a176c5de83dc98e7b,program
863cc374e6dc98095eb06aa4025895b4a28df6c1,thing
aa4a5f8125f234182e2dea92805afdfb747a86be,state
714eea0f4c980736bde0065fe73f573487f08e3a,time
00819c0e54f9c4fe002aa0570e66e25e695d9513,issue
0e93069c40111cd62dac2cd02cd71daffdb01cc0,child
d01593a7b3919244b959c893a0db44f8d82f92b7,story
699e8ae92ca31d0753b1eacb9fbc3f555d78fbd6,area
885534c19d5f8389b4cc0a7fcd699206bacdbd86,study
3179a65eff2523bbde53c99b299b719c10a35235,correct
2b5d05d3594b83ba20afb78c9c8ab624078eea62,life
6d5a45920a15adea049c8f22d569ff209625a43b,water
1785a93e5a968f37278f64cef35098943f62b438,government
0e93069c40111cd62dac2cd02cd71daffdb01cc0,child
71a7ca855f38bc559d0fce6727c7e2d8ada99ff8,point
021710fa7866431c1dacaa6cd31eeeb47dce64b6,month
d27a1f11771200949714b1af99f048a416f5d6f4,right
3fc88b83767af036ec64f408a5c22693db6e3b76,part
edb1f42a0bd4ff4bc5588155bc58f6164042190c,woman
bde4fcfe6cc9fbf17e4812357cf570f80ae4718b,staple
79df4b1718127a8c81390d4196d6cbfc976105f0,eye
714eea0f4c980736bde0065fe73f573487f08e3a,time
53b0a1b2fadf4e040cdc2155a7340de24aca93cb,number
5116e40694ac48f654cb7b6816177e0e717237c6,mother
c95259de1fd719814daef8f1dc4bd64f9d885ff0,money
6d5a45920a15adea049c8f22d569ff209625a43b,water
d01593a7b3919244b959c893a0db44f8d82f92b7,story
27a5a05c01ee6e7b614f4055d6908eaee91d9c95,room
9da8f1fa7d3a9fd015ae3c831a765e25ae03e4d7,place
a5a0d15d4ae8ea37884d2fb9d8a30fbfc96731f3,problem
a2620cbc10f5198dd03e3f5a1569eb5dcf9a6a87,day
7c211433f02071597741e6ff5a8ea34789abbf43,world
8e68b3e5af636475363c23b52ade8e6064b05806,country
1be2a44cb53dde903be8466c08dee9067da8ede3,night
81d9aeea0e1a408d65b6660a176c5de83dc98e7b,program
58dbfe3d658060e6133943c5784e7700b07ebf87,fact
3f3c58ae42b9b422897ffc175014a2a4fcf16d7b,battery
885534c19d5f8389b4cc0a7fcd699206bacdbd86,study
6a577a7743f405ea6a07e7222fdf7832a4c8e0e2,business
655f83be7512e5b5b3ba4c9976c043ece4b3ce51,school
3179a65eff2523bbde53c99b299b719c10a35235,correct
71b21161ffa1e6516bcc072aaf5ef38cbe85b511,company
6406510c31e0c9925733c7f21414bf6428333ed2,case
091b5035885c00170fec9ecf24224933e3de3fcc,horse
c33f059b0ca7725fbfd6c9ea4f2f012cc7ac5a74,family
c0ee32d825d6ddb4025ab74af0609969ecc419c8,week
3b2be2e26344d52bf592711b6d4b6060825e146d,question
863cc374e6dc98095eb06aa4025895b4a28df6c1,thing
204036a1ef6e7360e536300ea78c6aeb4a9333dd,student
64292b1c2b2e13ead8788fc8a2b8edc8c1db4ecd,group
4ff0b1538469338a0073e2cdaab6a517801b6ab4,year
2b5d05d3594b83ba20afb78c9c8ab624078eea62,life
ab3ccc8dba2a0cf7a1ce4d830bb8a6238ff03833,people
e83249bd3ba79932e16fb1fb5100dafade9954c2,home
e7e694c58cd50e0324ec96918800bc35cd17629b,book
2eda8ad1632af052b0c74d6fcab6058b3a79cf25,job
317f1e761f2faa8da781a4762b9dcc2c5cad209a,system
e274eeff768c6396088ec6eb091f4bf4d47ab1e0,work
9621a244a447ec749598f8327560ff86095e2c26,hand
aa4a5f8125f234182e2dea92805afdfb747a86be,state
699e8ae92ca31d0753b1eacb9fbc3f555d78fbd6,area
1785a93e5a968f37278f64cef35098943f62b438,government
00819c0e54f9c4fe002aa0570e66e25e695d9513,issue
714eea0f4c980736bde0065fe73f573487f08e3a,time
4ff0b1538469338a0073e2cdaab6a517801b6ab4,year
ab3ccc8dba2a0cf7a1ce4d830bb8a6238ff03833,people
091b5035885c00170fec9ecf24224933e3de3fcc,horse
a2620cbc10f5198dd03e3f5a1569eb5dcf9a6a87,day
3f3c58ae42b9b422897ffc175014a2a4fcf16d7b,battery
863cc374e6dc98095eb06aa4025895b4a28df6c1,thing
edb1f42a0bd4ff4bc5588155bc58f6164042190c,woman
2b5d05d3594b83ba20afb78c9c8ab624078eea62,life
0e93069c40111cd62dac2cd02cd71daffdb01cc0,child
7c211433f02071597741e6ff5a8ea34789abbf43,world
655f83be7512e5b5b3ba4c9976c043ece4b3ce51,school
aa4a5f8125f234182e2dea92805afdfb747a86be,state
c33f059b0ca7725fbfd6c9ea4f2f012cc7ac5a74,family
204036a1ef6e7360e536300ea78c6aeb4a9333dd,student
64292b1c2b2e13ead8788fc8a2b8edc8c1db4ecd,group
8e68b3e5af636475363c23b52ade8e6064b05806,country
a5a0d15d4ae8ea37884d2fb9d8a30fbfc96731f3,problem
9621a244a447ec749598f8327560ff86095e2c26,hand
3fc88b83767af036ec64f408a5c22693db6e3b76,part
9da8f1fa7d3a9fd015ae3c831a765e25ae03e4d7,place
6406510c31e0c9925733c7f21414bf6428333ed2,case
c0ee32d825d6ddb4025ab74af0609969ecc419c8,week
71b21161ffa1e6516bcc072aaf5ef38cbe85b511,company
317f1e761f2faa8da781a4762b9dcc2c5cad209a,system
81d9aeea0e1a408d65b6660a176c5de83dc98e7b,program
3b2be2e26344d52bf592711b6d4b6060825e146d,question
e274eeff768c6396088ec6eb091f4bf4d47ab1e0,work
1785a93e5a968f37278f64cef35098943f62b438,government
53b0a1b2fadf4e040cdc2155a7340de24aca93cb,number
1be2a44cb53dde903be8466c08dee9067da8ede3,night
71a7ca855f38bc559d0fce6727c7e2d8ada99ff8,point
e83249bd3ba79932e16fb1fb5100dafade9954c2,home
6d5a45920a15adea049c8f22d569ff209625a43b,water
27a5a05c01ee6e7b614f4055d6908eaee91d9c95,room
5116e40694ac48f654cb7b6816177e0e717237c6,mother
699e8ae92ca31d0753b1eacb9fbc3f555d78fbd6,area
c95259de1fd719814daef8f1dc4bd64f9d885ff0,money
d01593a7b3919244b959c893a0db44f8d82f92b7,story
58dbfe3d658060e6133943c5784e7700b07ebf87,fact
021710fa7866431c1dacaa6cd31eeeb47dce64b6,month
3179a65eff2523bbde53c99b299b719c10a35235,correct
d27a1f11771200949714b1af99f048a416f5d6f4,right
885534c19d5f8389b4cc0a7fcd699206bacdbd86,study
e7e694c58cd50e0324ec96918800bc35cd17629b,book
79df4b1718127a8c81390d4196d6cbfc976105f0,eye
2eda8ad1632af052b0c74d6fcab6058b3a79cf25,job
bde4fcfe6cc9fbf17e4812357cf570f80ae4718b,staple
6a577a7743f405ea6a07e7222fdf7832a4c8e0e2,business
00819c0e54f9c4fe002aa0570e66e25e695d9513,issue
6a577a7743f405ea6a07e7222fdf7832a4c8e0e2,business
27a5a05c01ee6e7b614f4055d6908eaee91d9c95,room
4ff0b1538469338a0073e2cdaab6a517801b6ab4,year
8e68b3e5af636475363c23b52ade8e6064b05806,country
c95259de1fd719814daef8f1dc4bd64f9d885ff0,money
317f1e761f2faa8da781a4762b9dcc2c5cad209a,system
81d9aeea0e1a408d65b6660a176c5de83dc98e7b,program
64292b1c2b2e13ead8788fc8a2b8edc8c1db4ecd,group
58dbfe3d658060e6133943c5784e7700b07ebf87,fact
ab3ccc8dba2a0cf7a1ce4d830bb8a6238ff03833,people
bde4fcfe6cc9fbf17e4812357cf570f80ae4718b,staple
d27a1f11771200949714b1af99f048a416f5d6f4,right
79df4b1718127a8c81390d4196d6cbfc976105f0,eye
699e8ae92ca31d0753b1eacb9fbc3f555d78fbd6,area
9da8f1fa7d3a9fd015ae3c831a765e25ae03e4d7,place
a5a0d15d4ae8ea37884d2fb9d8a30fbfc96731f3,problem
a2620cbc10f5198dd03e3f5a1569eb5dcf9a6a87,day
1785a93e5a968f37278f64cef35098943f62b438,government
6d5a45920a15adea049c8f22d569ff209625a43b,water
e274eeff768c6396088ec6eb091f4bf4d47ab1e0,work
2eda8ad1632af052b0c74d6fcab6058b3a79cf25,job
71b21161ffa1e6516bcc072aaf5ef38cbe85b511,company
1be2a44cb53dde903be8466c08dee9067da8ede3,night
3179a65eff2523bbde53c99b299b719c10a35235,correct
021710fa7866431c1dacaa6cd31eeeb47dce64b6,month
e7e694c58cd50e0324ec96918800bc35cd17629b,book
885534c19d5f8389b4cc0a7fcd699206bacdbd86,study
3f3c58ae42b9b422897ffc175014a2a4fcf16d7b,battery
c0ee32d825d6ddb4025ab74af0609969ecc419c8,week
00819c0e54f9c4fe002aa0570e66e25e695d9513,issue
71a7ca855f38bc559d0fce6727c7e2d8ada99ff8,point
2b5d05d3594b83ba20afb78c9c8ab624078eea62,life
7c211433f02071597741e6ff5a8ea34789abbf43,world
53b0a1b2fadf4e040cdc2155a7340de24aca93cb,number
e83249bd3ba79932e16fb1fb5100dafade9954c2,home
6406510c31e0c9925733c7f21414bf6428333ed2,case
3b2be2e26344d52bf592711b6d4b6060825e146d,question
0e93069c40111cd62dac2cd02cd71daffdb01cc0,child
714eea0f4c980736bde0065fe73f573487f08e3a,time
edb1f42a0bd4ff4bc5588155bc58f6164042190c,woman
c33f059b0ca7725fbfd6c9ea4f2f012cc7ac5a74,family
aa4a5f8125f234182e2dea92805afdfb747a86be,state
863cc374e6dc98095eb06aa4025895b4a28df6c1,thing
9621a244a447ec749598f8327560ff86095e2c26,hand
091b5035885c00170fec9ecf24224933e3de3fcc,horse
d01593a7b3919244b959c893a0db44f8d82f92b7,story
655f83be7512e5b5b3ba4c9976c043ece4b3ce51,school
3fc88b83767af036ec64f408a5c22693db6e3b76,part
5116e40694ac48f654cb7b6816177e0e717237c6,mother
204036a1ef6e7360e536300ea78c6aeb4a9333dd,student
9da8f1fa7d3a9fd015ae3c831a765e25ae03e4d7,place
e274eeff768c6396088ec6eb091f4bf4d47ab1e0,work
53b0a1b2fadf4e040cdc2155a7340de24aca93cb,number
699e8ae92ca31d0753b1eacb9fbc3f555d78fbd6,area
0e93069c40111cd62dac2cd02cd71daffdb01cc0,child
9621a244a447ec749598f8327560ff86095e2c26,hand
3b2be2e26344d52bf592711b6d4b6060825e146d,question
6d5a45920a15adea049c8f22d569ff209625a43b,water
bde4fcfe6cc9fbf17e4812357cf570f80ae4718b,staple
7c211433f02071597741e6ff5a8ea34789abbf43,world
6a577a7743f405ea6a07e7222fdf7832a4c8e0e2,business
00819c0e54f9c4fe002aa0570e66e25e695d9513,issue
a2620cbc10f5198dd03e3f5a1569eb5dcf9a6a87,day
c0ee32d825d6ddb4025ab74af0609969ecc419c8,week
71a7ca855f38bc559d0fce6727c7e2d8ada99ff8,point
317f1e761f2faa8da781a4762b9dcc2c5cad209a,system
71b21161ffa1e6516bcc072aaf5ef38cbe85b511,company
2eda8ad1632af052b0c74d6fcab6058b3a79cf25,job
d27a1f11771200949714b1af99f048a416f5d6f4,right
3fc88b83767af036ec64f408a5c22693db6e3b76,part
3f3c58ae42b9b422897ffc175014a2a4fcf16d7b,battery
27a5a05c01ee6e7b614f4055d6908eaee91d9c95,room
4ff0b1538469338a0073e2cdaab6a517801b6ab4,year
885534c19d5f8389b4cc0a7fcd699206bacdbd86,study
aa4a5f8125f234182e2dea92805afdfb747a86be,state
655f83be7512e5b5b3ba4c9976c043ece4b3ce51,school
d01593a7b3919244b959c893a0db44f8d82f92b7,story
81d9aeea0e1a408d65b6660a176c5de83dc98e7b,program
2b5d05d3594b83ba20afb78c9c8ab624078eea62,life
e7e694c58cd50e0324ec96918800bc35cd17629b,book
091b5035885c00170fec9ecf24224933e3de3fcc,horse
3179a65eff2523bbde53c99b299b719c10a35235,correct
ab3ccc8dba2a0cf7a1ce4d830bb8a6238ff03833,people
8e68b3e5af636475363c23b52ade8e6064b05806,country
5116e40694ac48f654cb7b6816177e0e717237c6,mother
204036a1ef6e7360e536300ea78c6aeb4a9333dd,student
1be2a44cb53dde903be8466c08dee9067da8ede3,night
1785a93e5a968f37278f64cef35098943f62b438,government
6406510c31e0c9925733c7f21414bf6428333ed2,case
863cc374e6dc98095eb06aa4025895b4a28df6c1,thing
a5a0d15d4ae8ea37884d2fb9d8a30fbfc96731f3,problem
c33f059b0ca7725fbfd6c9ea4f2f012cc7ac5a74,family
79df4b1718127a8c81390d4196d6cbfc976105f0,eye
e83249bd3ba79932e16fb1fb5100dafade9954c2,home
edb1f42a0bd4ff4bc5588155bc58f6164042190c,woman
c95259de1fd719814daef8f1dc4bd64f9d885ff0,money
58dbfe3d658060e6133943c5784e7700b07ebf87,fact
714eea0f4c980736bde0065fe73f573487f08e3a,time
021710fa7866431c1dacaa6cd31eeeb47dce64b6,month
64292b1c2b2e13ead8788fc8a2b8edc8c1db4ecd,group
71b21161ffa1e6516bcc072aaf5ef38cbe85b511,company
c33f059b0ca7725fbfd6c9ea4f2f012cc7ac5a74,family
021710fa7866431c1dacaa6cd31eeeb47dce64b6,month
d01593a7b3919244b959c893a0db44f8d82f92b7,story
bde4fcfe6cc9fbf17e4812357cf570f80ae4718b,staple
9621a244a447ec749598f8327560ff86095e2c26,hand
a2620cbc10f5198dd03e3f5a1569eb5dcf9a6a87,day
0e93069c40111cd62dac2cd02cd71daffdb01cc0,child
d27a1f11771200949714b1af99f048a416f5d6f4,right
edb1f42a0bd4ff4bc5588155bc58f6164042190c,woman
699e8ae92ca31d0753b1eacb9fbc3f555d78fbd6,area
885534c19d5f8389b4cc0a7fcd699206bacdbd86,study
655f83be7512e5b5b3ba4c9976c043ece4b3ce51,school
c0ee32d825d6ddb4025ab74af0609969ecc419c8,week
c95259de1fd719814daef8f1dc4bd64f9d885ff0,money
00819c0e54f9c4fe002aa0570e66e25e695d9513,issue
204036a1ef6e7360e536300ea78c6aeb4a9333dd,student
ab3ccc8dba2a0cf7a1ce4d830bb8a6238ff03833,people
2b5d05d3594b83ba20afb78c9c8ab624078eea62,life
3179a65eff2523bbde53c99b299b719c10a35235,correct
64292b1c2b2e13ead8788fc8a2b8edc8c1db4ecd,group
79df4b1718127a8c81390d4196d6cbfc976105f0,eye
58dbfe3d658060e6133943c5784e7700b07ebf87,fact
81d9aeea0e1a408d65b6660a176c5de83dc98e7b,program
a5a0d15d4ae8ea37884d2fb9d8a30fbfc96731f3,problem
317f1e761f2faa8da781a4762b9dcc2c5cad209a,system
9da8f1fa7d3a9fd015ae3c831a765e25ae03e4d7,place
8e68b3e5af636475363c23b52ade8e6064b05806,country
863cc374e6dc98095eb06aa4025895b4a28df6c1,thing
4ff0b1538469338a0073e2cdaab6a517801b6ab4,year
5116e40694ac48f654cb7b6816177e0e717237c6,mother
aa4a5f8125f234182e2dea92805afdfb747a86be,state
3fc88b83767af036ec64f408a5c22693db6e3b76,part
e7e694c58cd50e0324ec96918800bc35cd17629b,book
27a5a05c01ee6e7b614f4055d6908eaee91d9c95,room
1be2a44cb53dde903be8466c08dee9067da8ede3,night
7c211433f02071597741e6ff5a8ea34789abbf43,world
714eea0f4c980736bde0065fe73f573487f08e3a,time
091b5035885c00170fec9ecf24224933e3de3fcc,horse
53b0a1b2fadf4e040cdc2155a7340de24aca93cb,number
e83249bd3ba79932e16fb1fb5100dafade9954c2,home
71a7ca855f38bc559d0fce6727c7e2d8ada99ff8,point
3f3c58ae42b9b422897ffc175014a2a4fcf16d7b,battery
3b2be2e26344d52bf592711b6d4b6060825e146d,question
1785a93e5a968f37278f64cef35098943f62b438,government
6406510c31e0c9925733c7f21414bf6428333ed2,case
e274eeff768c6396088ec6eb091f4bf4d47ab1e0,work
6d5a45920a15adea049c8f22d569ff209625a43b,water
2eda8ad1632af052b0c74d6fcab6058b3a79cf25,job
6a577a7743f405ea6a07e7222fdf7832a4c8e0e2,business
