bfd3617727eab0e800e62a776c76381defbc4145,correcthorsebatterystaple
3a6640d198c3cebdf8aec387fe3878175ab599d0,timepeoplewomanbattery
ad977411d4ab59a97159aee9616c631a4ff349f5,stapleyearbatterystaple
0fccd7850516b83f09c9f643df451ce7367a16b6,horsetimetimecorrect
e20304a7846b1f3572db15b19cbff402cbb6126f,timebatteryhorsebattery
1c63ecc8ee028a13fee3589e9dc2f5ac4c0924b5,batteryyearcorrectwoman
4fa381f093369c09d275157137f641c735e00911,correctwomanyearcorrect
273f8fc54b1df8ec44c2aba6142237c274ea68e0,yearcorrectdaybattery
15d52f3865b192e67a824a09bacbb50a1b499ab5,batterydaytimebattery
1882af60dfa9a62912da8437d875e3aef4e1a11d,yearhorsetimestaple
6be644c13eef62f06008dbd2205cb6af4ab3c46a,correctstaplehorseday
74c1a759e1692347af7b24e8725696ce134cacdb,daywomandayday
b11ac7f8e490f246b359cd17d4d2e40d5f29db99,childdaybatteryyear
b341095d2f39ef2b544dc782dbc64e5c7837ab42,correctstaplechildbattery
1950e2f65e9f964463a030105dc3146bca8565c9,dayyearbatteryyear
84085dd29c2b73d6de9a2c0653590f31ed5ad1dc,staplehorsewomanyear
7aaf3f8b0e8b7e85bcb53f85eeb587633a0fde82,staplechildhorsechild
3685b1f3d79c9d0d0049c70f6139fc72e00b2508,yeardaychildhorse
783b5568ea87a5c08dd0a33782691d64bc3a717e,dayyearcorrectbattery
5eff93511b418d399ad3de1486e3b1a34d996850,childchildchildcorrect
ee78fadc32047763530af6e403490ea0102dbaac,childcorrectstaplecorrect
6cb799f6c9fc0b17c320a62712678724a236a49f,timebatterypeoplechild
8af8dd420375d20c33757bc2b92afee623149309,correcthorsedayday
4608037aaeb33b8be688bbf30de1056e1a1feac6,womanpeopleyeartime
2c8f4578f59148af0b5cac30d5676427e55c7687,yearchilddaypeople
fabe6341b87ec566eb63a990cd2fbe14e194789e,horsebatterychildday
9b28384a236461bfe5d87de758cfa0a88bb2a5da,childcorrecthorseday
6d6e1790f8e2abb6ab3da94da5b88e4486dbfa02,yearcorrectchildwoman
3895e1fb2de10abb6c5dbb8e9b9e6aa54fa7d043,horsestapledaychild
e1ef66c891411447742465a4c83191a88dc5413a,batterycorrectyearpeople
6a65353183168066adceee83086ecdb9f591faed,daychildtimeday
d35f594eebb8165c56ba2bcbe194107a02040540,stapletimecorrectwoman
cb157300780c354afe411b54b4cbc93ff1c5902a,childyearcorrectyear
9e78e87991f292ce2b73d31192603dc6f3d0f77a,batteryhorsestapleday
f694b2fe3c24bdc2c7362dc1e2faaf0cecd42da5,childstaplepeoplechild
1bc6427c4010892a94fb63c76c8f26ad0b2fd180,peoplebatterycorrectstaple
c6596075c6627c5d3b58f882489f1fac5b4ec39e,staplecorrectyearchild
90f7d56417831eed04b652d744514a9c7ff955d5,correcthorsepeoplehorse
8db67fbb941a0176b80a30a1a5b85c2717be42df,horsebatterytimebattery
6699d894da8e52490963a2fcef9c681dc493705f,childcorrecttimebattery
ae803a6d6d39da78045e47ce54eeae6c442027ea,peoplepeoplecorrectpeople
2064e458ca0b124c7049ae50ccf75113e1fbc0e4,batterychilddayyear
e3896ca776d84bf8af5fd1e59c219f0929f0c450,staplechildyeartime
79b82531006bd68b197f00ffdb2055eda081a584,correctdaytimetime
47c9f95d005827b35b60bb1605abb8e165d434fd,timepeopletimeday
0138a481b348acfef12b96c1de506743307e24e2,womanpeoplechildstaple
09ccb310d429388ea7b548075fffb68ca0ffc653,staplehorsehorsehorse
669ecfe2a8c66b1cc64d5e91dc60d50429e98702,timepeoplecorrecthorse
a4f8c939d9c4a59f4b48a80b66ff8b5531900cbd,childbatterydaychild
f08b99d988744b279acd8194ed71839e5a800aa6,staplehorsehorseday
